T23 README + docs stale (badges/tabla/counts/links) — DONE 2026-09-20, rama feat/cleanup-deprecados
Solo datos, sin reescribir arquitectura. Solo docs, sin pkill -f, sin tocar VPS.

VERSIONES (source of truth T22 = per-app package.json; root 1.0.0 placeholder intacto):
$ node -e versions → backend: 1.2.0 | frontend: 1.1.0 | ingestion: 1.1.0 | root: 1.0.0
README badges: backend-1.3.2→1.2.0, ingestion--telegram-1.0.0→1.1.0, frontend-1.3.2→1.1.0 (v1.3.2 nunca existió, T22)
Apps table versions: 1.3.2/1.0.0/1.3.2 → 1.2.0/1.1.0/1.1.0

COUNTS MEDIDOS HOY (no números viejos del plan):
$ find apps/backend -name "*.spec.ts" -not -path "*/node_modules/*" | wc -l → 197 (= T21 197 suites/2133 tests; sin cambios de código/tests desde T21, solo docs T22 → 2133 vigente)
$ ls apps/backend/test/*.e2e-spec.ts | wc -l → 2 (app + ingestion-side-by-side)
$ find apps/ingestion-telegram -name "*.spec.ts" -not -path "*/node_modules/*" | wc -l → 43 (= canónico T1/T14-T15)
$ find apps/ingestion-telegram -name "*.e2e-spec.ts" → 7 files (README decía 5 → stale; ahora 7: app, backend-registration, full-message-flow, load-test-concurrent-clients, metrics, sse-stream-controller, stream-reconnection)
$ find apps/frontend/src -name "*.test.*" | wc -l → 29
$ npm run test:frontend (hoy, 83.85s) → Test Files 29 passed (29) / Tests 330 passed (330) (= canónico post-T18, re-medido)
README Apps table: "173 Jest specs + 2 e2e"→"197 Jest specs + 2 e2e"; "15 specs + 5 e2e"→"43 Jest specs + 7 e2e"; "23 Vitest files"→"29 Vitest files (330 tests)"
README Testing table: mismos 3 REPLACE aplicados.

3-APPS TABLE: README ya trae fila ingestion-telegram (no era 2-app); sin cambio necesario.
LINKS: grep frontend.md|kol-refactor.md|optimize.md en docs/ + README.md + apps/*/README.md → 0 hits (solo menciones intencionales: AGENTS.md:522 nota de staleness, backend src READMEs kol-*, events.ts comment — texto plano, no markdown links).
$ node check .md link targets en README.md → missing: 0 (PASS: AGENTS.md, GOVERNANCE.md, 3× apps/*/AGENTS.md, backend+frontend README.md existen)
$ node check badges con 1.3.2/1.0.0 residuales → 0 (PASS)
$ npm run docs:check → PASS sin warnings (salida vacía)

QA failure scenario: link roto restante → el check de targets lo habría listado; lista vacía = PASS.
Commit: docs(readme): corrige badges, counts y links rotos (este commit)

FOLLOW-UP 2026-09-20 (re-medición, rama feat/cleanup-deprecados):
Re-medido hoy: backend src+test *.spec.ts=197, ingestion=43, frontend *.test.*=29 (coinciden README).
Hallazgo counts drift: README decía "41 entities/41 tables" pero el canónico medido es 47:
PERSISTED_ENTITIES=47 entradas + EXPECTED_ENTITY_COUNT=47 en entities.ts:113,
assertivo en database-startup.preservation.spec.ts:167-168 (39 post-split + 8 threads = 47).
AGENTS.md backend dice 39 (stale, fuera de alcance T23 — solo root README).
Fix aplicado (solo datos): Apps table 41→47 entities; mermaid DB 41→47 tables;
Data section 41→47 +枚举 news triple fuera (outlets/messages/photos viven en <base>_ingestion
desde split 2026-09-08) + threads añadido a la lista; Docs section 41→47 entities.
No tocado (metodología verificada en AGENTS): 22 modules (AppModule), 35 controllers,
13 data providers, frontend 11 entities. Solo docs, sin pkill -f.
$ npm run docs:check → PASS exit 0 sin warnings.
Commit: docs(readme): corrige entity count 41→47 post-threads (este commit)
